Microchip MPLAB XC8 Compiler V2.32

Linker command line:

-W-3 --edf=C:\Program Files\Microchip\xc8\v2.32\pic\dat\en_msgs.txt -cn \
  -h+dist/default/production\Projeto_final.X.production.sym \
  --cmf=dist/default/production\Projeto_final.X.production.cmf -z -Q18F4520 \
  -oC:\Users\CHARBE~1\AppData\Local\Temp\xcAs90o.4 --defsym=__MPLAB_BUILD=1 \
  -Mdist/default/production/Projeto_final.X.production.map -E1 \
  -ver=XC8 Compiler --acfsm=1493 -ASTACK=0137h-05FFh -pstack=STACK \
  -ACODE=00h-07FFFh -ACONST=00h-07FFFh -ASMALLCONST=0600h-06FFhx122 \
  -AMEDIUMCONST=0600h-07FFFh -ACOMRAM=01h-07Fh -AABS1=00h-05FFh \
  -ABIGRAM=01h-05FFh -ARAM=080h-0FFh,0100h-01FFhx5 -ABANK0=080h-0FFh \
  -ABANK1=0100h-01FFh -ABANK2=0200h-02FFh -ABANK3=0300h-03FFh \
  -ABANK4=0400h-04FFh -ABANK5=0500h-05FFh -ASFR=0F80h-0FFFh \
  -ACONFIG=0300000h-030000Dh -AIDLOC=0200000h-0200007h \
  -AEEDATA=0F00000h-0F000FFh -peeprom_data=EEDATA \
  -preset_vec=00h,intcode,intcodelo,powerup,init -pramtop=0600h \
  -psmallconst=SMALLCONST -pmediumconst=MEDIUMCONST -pconst=CONST \
  -AFARRAM=00h-00h \
  -prdata=COMRAM,nvrram=COMRAM,nvbit=COMRAM,rbss=COMRAM,rbit=COMRAM \
  -pfarbss=FARRAM,fardata=FARRAM,nvFARRAM=FARRAM \
  -pintsave_regs=BIGRAM,bigbss=BIGRAM,bigdata=BIGRAM -pbss=RAM \
  -pidata=CODE,irdata=CODE,ibigdata=CODE,ifardata=CODE -prparam=COMRAM \
  C:\Users\CHARBE~1\AppData\Local\Temp\xcAs90o.o \
  dist/default/production\Projeto_final.X.production.o 

Object code version is 3.11

Machine type is 18F4520



                Name                               Link     Load   Length Selector   Space Scale
C:\Users\CHARBE~1\AppData\Local\Temp\xcAs90o.o
                idloc                            200000   200000        8        0       5
                config                           300000   300000        E        0       4
                init                                  0        0        4        0       0
dist/default/production\Projeto_final.X.production.o
                idloc                            200000   200000        8        0       5
                config                           300000   300000        E        0       4
                smallconst                          600      600       AE      300       0
                text30                             18C6     18C6      15C      357       0
                text29                              DF0      DF0      4C0      357       0
                text28                             1D88     1D88      104      357       0
                text27                             1E8C     1E8C       90      357       0
                text26                             2592     2592       18     1288       0
                text25                             14FE     14FE      24E      357       0
                text24                             23B8     23B8       54      357       0
                text23                             255C     255C       1C     1288       0
                text22                             1FA6     1FA6       7E      357       0
                text21                             21EA     21EA       66      357       0
                text20                             2110     2110       6E      357       0
                text19                             209C     209C       74      357       0
                text18                             2250     2250       64      357       0
                text17                             1C80     1C80      108      357       0
                text16                             174C     174C      17A      357       0
                text15                             25B4     25B4        A     1288       0
                text14                             25AA     25AA        A     1288       0
                text13                             12B0     12B0      24E      357       0
                text12                             2024     2024       78      357       0
                text11                             240C     240C       50      357       0
                text10                             1F1C     1F1C       8A      357       0
                text9                              1B74     1B74      10C      357       0
                text8                              2536     2536       26     1288       0
                text7                              2578     2578       1A     1288       0
                text6                              2510     2510       26     1288       0
                text5                              217E     217E       6C      357       0
                text4                              22B4     22B4       58      357       0
                text3                              2362     2362       56      357       0
                text2                              1A22     1A22      152      357       0
                text1                              245C     245C       4C      357       0
                text0                               6AE      6AE      742      357       0
                cstackCOMRAM                         31       31       19        1       1
                cstackBANK0                          80       80       77       80       1
                dataBANK1                           100      100       37      100       1
                dataCOMRAM                            1        1       30        1       1
                bssCOMRAM                            4A       4A        C        1       1
                cinit                              230C     230C       56      357       0
                idataBANK1                         24A8     24A8       37      357       0
                idataCOMRAM                        24DF     24DF       30      357       0

TOTAL           Name                               Link     Load   Length     Space
        CLASS   STACK          

        CLASS   CODE           
                init                                  0        0        4         0
                text30                             18C6     18C6      15C         0
                text29                              DF0      DF0      4C0         0
                text28                             1D88     1D88      104         0
                text27                             1E8C     1E8C       90         0
                text26                             2592     2592       18         0
                text25                             14FE     14FE      24E         0
                text24                             23B8     23B8       54         0
                text23                             255C     255C       1C         0
                text22                             1FA6     1FA6       7E         0
                text21                             21EA     21EA       66         0
                text20                             2110     2110       6E         0
                text19                             209C     209C       74         0
                text18                             2250     2250       64         0
                text17                             1C80     1C80      108         0
                text16                             174C     174C      17A         0
                text15                             25B4     25B4        A         0
                text14                             25AA     25AA        A         0
                text13                             12B0     12B0      24E         0
                text12                             2024     2024       78         0
                text11                             240C     240C       50         0
                text10                             1F1C     1F1C       8A         0
                text9                              1B74     1B74      10C         0
                text8                              2536     2536       26         0
                text7                              2578     2578       1A         0
                text6                              2510     2510       26         0
                text5                              217E     217E       6C         0
                text4                              22B4     22B4       58         0
                text3                              2362     2362       56         0
                text2                              1A22     1A22      152         0
                text1                              245C     245C       4C         0
                text0                               6AE      6AE      742         0
                cinit                              230C     230C       56         0
                idataBANK1                         24A8     24A8       37         0
                idataCOMRAM                        24DF     24DF       30         0

        CLASS   CONST          

        CLASS   SMALLCONST     
                smallconst                          600      600       AE         0

        CLASS   MEDIUMCONST    

        CLASS   COMRAM         
                cstackCOMRAM                         31       31       19         1
                dataCOMRAM                            1        1       30         1
                bssCOMRAM                            4A       4A        C         1

        CLASS   ABS1           

        CLASS   BIGRAM         

        CLASS   RAM            

        CLASS   BANK0          
                cstackBANK0                          80       80       77         1

        CLASS   BANK1          
                dataBANK1                           100      100       37         1

        CLASS   BANK2          

        CLASS   BANK3          

        CLASS   BANK4          

        CLASS   BANK5          

        CLASS   SFR            

        CLASS   CONFIG         
                config                           300000   300000        E         4

        CLASS   IDLOC          
                idloc                            200000   200000        8         5

        CLASS   EEDATA         

        CLASS   FARRAM         



SEGMENTS        Name                           Load    Length   Top    Selector   Space  Class

                reset_vec                      000000  000004  000004         0       0  CODE    
                dataCOMRAM                     000001  000055  000056         1       1  COMRAM  
                cstackBANK0                    000080  000077  0000F7        80       1  BANK0   
                dataBANK1                      000100  000037  000137       100       1  BANK1   
                smallconst                     000600  0000AE  0006AE       300       0  SMALLCON
                text0                          0006AE  001E61  00250F       357       0  CODE    
                text6                          002510  0000AE  0025BE      1288       0  CODE    


UNUSED ADDRESS RANGES

        Name                Unused          Largest block    Delta
        BANK0            0000F7-0000FF                9
        BANK1            000137-0001FF               C9
        BANK2            000200-0002FF              100
        BANK3            000300-0003FF              100
        BANK4            000400-0004FF              100
        BANK5            000500-0005FF              100
        BIGRAM           000056-00007F               2A
                         0000F7-0000FF                9
                         000137-0005FF              4C9
        CODE             000004-0005FF              5FC
                         00250F-00250F                1
                         0025BE-007FFF             5A42
        COMRAM           000056-00007F               2A
        CONST            000004-0005FF              5FC
                         00250F-00250F                1
                         0025BE-007FFF             5A42
        EEDATA           F00000-F000FF              100
        MEDIUMCONST      00250F-00250F                1
                         0025BE-007FFF             5A42
        RAM              0000F7-0000FF                9
                         000137-0005FF              100
        SFR              000F80-000FFF               80
        SMALLCONST       00250F-00250F                1
                         0025BE-007FFF              100
        STACK            000137-0005FF              4C9

                                  Symbol Table

?___aldiv                cstackCOMRAM 000031
?___fladd                cstackCOMRAM 000031
?___lwdiv                cstackCOMRAM 00003E
?___lwmod                cstackCOMRAM 000031
?___wmul                 cstackCOMRAM 000038
?_adc_amostra            cstackCOMRAM 000031
?_kpRead                 cstackCOMRAM 000031
Delay2ms@i               cstackCOMRAM 000032
Delay40us@i              cstackCOMRAM 000031
LigarLed@a               cstackCOMRAM 000034
LigarLed@i               cstackCOMRAM 000033
LigarLed@j               cstackCOMRAM 000035
LigarLed@num             cstackCOMRAM 000032
LigarLed@pot             cstackCOMRAM 000031
_ADCON0                  (abs)        000FC2
_ADCON0bits              (abs)        000FC2
_ADCON1                  (abs)        000FC1
_ADCON2                  (abs)        000FC0
_ADRESH                  (abs)        000FC4
_ADRESL                  (abs)        000FC3
_CCP1CON                 (abs)        000FBD
_CCPR1L                  (abs)        000FBE
_Delay2ms                text23       00255C
_Delay40us               text26       002592
_LigarLed                text30       0018C6
_PORTA                   (abs)        000F80
_PORTB                   (abs)        000F81
_PORTC                   (abs)        000F82
_PORTCbits               (abs)        000F82
_PORTD                   (abs)        000F83
_PORTE                   (abs)        000F84
_PORTEbits               (abs)        000F84
_PR2                     (abs)        000FCB
_T2CON                   (abs)        000FCA
_TRISA                   (abs)        000F92
_TRISB                   (abs)        000F93
_TRISC                   (abs)        000F94
_TRISCbits               (abs)        000F94
_TRISD                   (abs)        000F95
_TRISE                   (abs)        000F96
_TRISEbits               (abs)        000F96
__HRAM                   (abs)        000000
__Habs1                  abs1         000000
__Hbank0                 bank0        000000
__Hbank1                 bank1        000000
__Hbank2                 bank2        000000
__Hbank3                 bank3        000000
__Hbank4                 bank4        000000
__Hbank5                 bank5        000000
__Hbigbss                bigbss       000000
__Hbigdata               bigdata      000000
__Hbigram                bigram       000000
__Hbss                   bss          000000
__HbssCOMRAM             bssCOMRAM    000000
__Hcinit                 cinit        000000
__Hclrtext               clrtext      000000
__Hcomram                comram       000000
__Hconfig                config       30000E
__Hconst                 const        000000
__HcstackBANK0           cstackBANK0  000000
__HcstackCOMRAM          cstackCOMRAM 000000
__Hdata                  data         000000
__HdataBANK1             dataBANK1    000000
__HdataCOMRAM            dataCOMRAM   000000
__Heeprom_data           eeprom_data  000000
__Hfarbss                farbss       000000
__Hfardata               fardata      000000
__Hibigdata              ibigdata     000000
__Hidata                 idata        000000
__HidataBANK1            idataBANK1   000000
__HidataCOMRAM           idataCOMRAM  000000
__Hidloc                 idloc        200008
__Hifardata              ifardata     000000
__Hinit                  init         000004
__Hintcode               intcode      000000
__Hintcode_body          intcode_body 000000
__Hintcodelo             intcodelo    000000
__Hintentry              intentry     000000
__Hintret                intret       000000
__Hintsave_regs          intsave_regs 000000
__Hirdata                irdata       000000
__Hmediumconst           mediumconst  000000
__HnvFARRAM              nvFARRAM     000000
__Hnvbit                 nvbit        000000
__Hnvrram                nvrram       000000
__Hparam                 rparam       000000
__Hpowerup               powerup      000000
__Hram                   ram          000000
__Hramtop                ramtop       000600
__Hrbit                  rbit         000000
__Hrbss                  rbss         000000
__Hrdata                 rdata        000000
__Hreset_vec             reset_vec    000000
__Hrparam                rparam       000000
__Hsfr                   sfr          000000
__Hsmallconst            smallconst   0006AE
__Hspace_0               (abs)        0025BE
__Hspace_1               (abs)        000137
__Hspace_2               (abs)        000000
__Hspace_4               (abs)        60000E
__Hstack                 stack        000000
__Hstruct                struct       000000
__Htemp                  temp         000000
__Htext                  text         000000
__Htext0                 text0        000000
__Htext1                 text1        000000
__Htext10                text10       000000
__Htext11                text11       000000
__Htext12                text12       000000
__Htext13                text13       000000
__Htext14                text14       000000
__Htext15                text15       000000
__Htext16                text16       000000
__Htext17                text17       000000
__Htext18                text18       000000
__Htext19                text19       000000
__Htext2                 text2        000000
__Htext20                text20       000000
__Htext21                text21       000000
__Htext22                text22       000000
__Htext23                text23       000000
__Htext24                text24       000000
__Htext25                text25       000000
__Htext26                text26       000000
__Htext27                text27       000000
__Htext28                text28       000000
__Htext29                text29       000000
__Htext3                 text3        000000
__Htext30                text30       000000
__Htext4                 text4        000000
__Htext5                 text5        000000
__Htext6                 text6        000000
__Htext7                 text7        000000
__Htext8                 text8        000000
__Htext9                 text9        000000
__LRAM                   (abs)        000001
__Labs1                  abs1         000000
__Lbank0                 bank0        000000
__Lbank1                 bank1        000000
__Lbank2                 bank2        000000
__Lbank3                 bank3        000000
__Lbank4                 bank4        000000
__Lbank5                 bank5        000000
__Lbigbss                bigbss       000000
__Lbigdata               bigdata      000000
__Lbigram                bigram       000000
__Lbss                   bss          000000
__LbssCOMRAM             bssCOMRAM    000000
__Lcinit                 cinit        000000
__Lclrtext               clrtext      000000
__Lcomram                comram       000000
__Lconfig                config       000000
__Lconst                 const        000000
__LcstackBANK0           cstackBANK0  000000
__LcstackCOMRAM          cstackCOMRAM 000000
__Ldata                  data         000000
__LdataBANK1             dataBANK1    000000
__LdataCOMRAM            dataCOMRAM   000000
__Leeprom_data           eeprom_data  000000
__Lfarbss                farbss       000000
__Lfardata               fardata      000000
__Libigdata              ibigdata     000000
__Lidata                 idata        000000
__LidataBANK1            idataBANK1   000000
__LidataCOMRAM           idataCOMRAM  000000
__Lidloc                 idloc        000000
__Lifardata              ifardata     000000
__Linit                  init         000000
__Lintcode               intcode      000000
__Lintcode_body          intcode_body 000000
__Lintcodelo             intcodelo    000000
__Lintentry              intentry     000000
__Lintret                intret       000000
__Lintsave_regs          intsave_regs 000000
__Lirdata                irdata       000000
__Lmediumconst           mediumconst  000000
__LnvFARRAM              nvFARRAM     000000
__Lnvbit                 nvbit        000000
__Lnvrram                nvrram       000000
__Lparam                 rparam       000000
__Lpowerup               powerup      000000
__Lram                   ram          000000
__Lramtop                ramtop       000600
__Lrbit                  rbit         000000
__Lrbss                  rbss         000000
__Lrdata                 rdata        000000
__Lreset_vec             reset_vec    000000
__Lrparam                rparam       000000
__Lsfr                   sfr          000000
__Lsmallconst            smallconst   000600
__Lspace_0               (abs)        000000
__Lspace_1               (abs)        000000
__Lspace_2               (abs)        000000
__Lspace_4               (abs)        000000
__Lstack                 stack        000000
__Lstruct                struct       000000
__Ltemp                  temp         000000
__Ltext                  text         000000
__Ltext0                 text0        000000
__Ltext1                 text1        000000
__Ltext10                text10       000000
__Ltext11                text11       000000
__Ltext12                text12       000000
__Ltext13                text13       000000
__Ltext14                text14       000000
__Ltext15                text15       000000
__Ltext16                text16       000000
__Ltext17                text17       000000
__Ltext18                text18       000000
__Ltext19                text19       000000
__Ltext2                 text2        000000
__Ltext20                text20       000000
__Ltext21                text21       000000
__Ltext22                text22       000000
__Ltext23                text23       000000
__Ltext24                text24       000000
__Ltext25                text25       000000
__Ltext26                text26       000000
__Ltext27                text27       000000
__Ltext28                text28       000000
__Ltext29                text29       000000
__Ltext3                 text3        000000
__Ltext30                text30       000000
__Ltext4                 text4        000000
__Ltext5                 text5        000000
__Ltext6                 text6        000000
__Ltext7                 text7        000000
__Ltext8                 text8        000000
__Ltext9                 text9        000000
__S0                     (abs)        0025BE
__S1                     (abs)        000137
__S2                     (abs)        000000
__S4                     (abs)        000000
__S5                     (abs)        000000
___aldiv                 text9        001B74
___aldiv@counter         cstackCOMRAM 000039
___aldiv@dividend        cstackCOMRAM 000031
___aldiv@divisor         cstackCOMRAM 000035
___aldiv@quotient        cstackCOMRAM 00003B
___aldiv@sign            cstackCOMRAM 00003A
___fladd                 text29       000DF0
___fladd@a               cstackCOMRAM 000035
___fladd@aexp            cstackCOMRAM 00003E
___fladd@b               cstackCOMRAM 000031
___fladd@bexp            cstackCOMRAM 00003F
___fladd@grs             cstackCOMRAM 000040
___fladd@signs           cstackCOMRAM 00003D
___flge                  text28       001D88
___flge@ff1              cstackCOMRAM 000031
___flge@ff2              cstackCOMRAM 000035
___inthi_sp              stack        000000
___intlo_sp              stack        000000
___lwdiv                 text19       00209C
___lwdiv@counter         cstackCOMRAM 000044
___lwdiv@dividend        cstackCOMRAM 00003E
___lwdiv@divisor         cstackCOMRAM 000040
___lwdiv@quotient        cstackCOMRAM 000042
___lwmod                 text18       002250
___lwmod@counter         cstackCOMRAM 000035
___lwmod@dividend        cstackCOMRAM 000031
___lwmod@divisor         cstackCOMRAM 000033
___param_bank            (abs)        000000
___rparam_used           (abs)        000001
___sp                    stack        000000
___wmul                  text6        002510
___wmul@multiplicand     cstackCOMRAM 00003A
___wmul@multiplier       cstackCOMRAM 000038
___wmul@product          cstackCOMRAM 00003C
__accesstop              (abs)        000080
__activetblptr           (abs)        000002
__end_of_Delay2ms        text23       002578
__end_of_Delay40us       text26       0025AA
__end_of_LigarLed        text30       001A22
__end_of___aldiv         text9        001C80
__end_of___fladd         text29       0012B0
__end_of___flge          text28       001E8C
__end_of___lwdiv         text19       002110
__end_of___lwmod         text18       0022B4
__end_of___wmul          text6        002536
__end_of__initialization cinit        002358
__end_of_adc_amostra     text27       001F1C
__end_of_clear           text20       00217E
__end_of_digitalWrite    text25       00174C
__end_of_itoa            text17       001D88
__end_of_kpDebounce      text16       0018C6
__end_of_kpInit          text15       0025BE
__end_of_kpRead          text14       0025B4
__end_of_lcdCommand      text22       002024
__end_of_lcdData         text24       00240C
__end_of_lcdInit         text12       00209C
__end_of_lcdPosition     text21       002250
__end_of_lcd_str         text11       00245C
__end_of_main            text0        000DF0
__end_of_pinMode         text13       0014FE
__end_of_printf          text10       001FA6
__end_of_pwmFrequency    text8        00255C
__end_of_pwmInit         text7        002592
__end_of_pwmSet          text5        0021EA
__end_of_ssdDigit        text4        00230C
__end_of_ssdInit         text3        0023B8
__end_of_ssdUpdate       text2        001B74
__end_of_tempo           text1        0024A8
__end_of_valor@ssd$F167  smallconst   000611
__initialization         cinit        00230C
__mediumconst            mediumconst  000000
__pbssCOMRAM             bssCOMRAM    00004A
__pcinit                 cinit        00230C
__pcstackBANK0           cstackBANK0  000080
__pcstackCOMRAM          cstackCOMRAM 000031
__pdataBANK1             dataBANK1    000100
__pdataCOMRAM            dataCOMRAM   000001
__pidataBANK1            idataBANK1   0024A8
__pidataCOMRAM           idataCOMRAM  0024DF
__psmallconst            smallconst   000600
__ptext0                 text0        0006AE
__ptext1                 text1        00245C
__ptext10                text10       001F1C
__ptext11                text11       00240C
__ptext12                text12       002024
__ptext13                text13       0012B0
__ptext14                text14       0025AA
__ptext15                text15       0025B4
__ptext16                text16       00174C
__ptext17                text17       001C80
__ptext18                text18       002250
__ptext19                text19       00209C
__ptext2                 text2        001A22
__ptext20                text20       002110
__ptext21                text21       0021EA
__ptext22                text22       001FA6
__ptext23                text23       00255C
__ptext24                text24       0023B8
__ptext25                text25       0014FE
__ptext26                text26       002592
__ptext27                text27       001E8C
__ptext28                text28       001D88
__ptext29                text29       000DF0
__ptext3                 text3        002362
__ptext30                text30       0018C6
__ptext4                 text4        0022B4
__ptext5                 text5        00217E
__ptext6                 text6        002510
__ptext7                 text7        002578
__ptext8                 text8        002536
__ptext9                 text9        001B74
__ramtop                 ramtop       000600
__size_of_Delay2ms       (abs)        000000
__size_of_Delay40us      (abs)        000000
__size_of_LigarLed       (abs)        000000
__size_of___aldiv        (abs)        000000
__size_of___fladd        (abs)        000000
__size_of___flge         (abs)        000000
__size_of___lwdiv        (abs)        000000
__size_of___lwmod        (abs)        000000
__size_of___wmul         (abs)        000000
__size_of_adc_amostra    (abs)        000000
__size_of_clear          (abs)        000000
__size_of_digitalWrite   (abs)        000000
__size_of_itoa           (abs)        000000
__size_of_kpDebounce     (abs)        000000
__size_of_kpInit         (abs)        000000
__size_of_kpRead         (abs)        000000
__size_of_lcdCommand     (abs)        000000
__size_of_lcdData        (abs)        000000
__size_of_lcdInit        (abs)        000000
__size_of_lcdPosition    (abs)        000000
__size_of_lcd_str        (abs)        000000
__size_of_main           (abs)        000000
__size_of_pinMode        (abs)        000000
__size_of_printf         (abs)        000000
__size_of_pwmFrequency   (abs)        000000
__size_of_pwmInit        (abs)        000000
__size_of_pwmSet         (abs)        000000
__size_of_ssdDigit       (abs)        000000
__size_of_ssdInit        (abs)        000000
__size_of_ssdUpdate      (abs)        000000
__size_of_tempo          (abs)        000000
__smallconst             smallconst   000600
_adc_amostra             text27       001E8C
_clear                   text20       002110
_digitalWrite            text25       0014FE
_display                 bssCOMRAM    000054
_itoa                    text17       001C80
_kpDebounce              text16       00174C
_kpInit                  text15       0025B4
_kpRead                  text14       0025AA
_lcdCommand              text22       001FA6
_lcdData                 text24       0023B8
_lcdInit                 text12       002024
_lcdPosition             text21       0021EA
_lcd_str                 text11       00240C
_main                    text0        0006AE
_pinMode                 text13       0012B0
_printf                  text10       001F1C
_pwmFrequency            text8        002536
_pwmInit                 text7        002578
_pwmSet                  text5        00217E
_ssdDigit                text4        0022B4
_ssdInit                 text3        002362
_ssdUpdate               text2        001A22
_tempo                   text1        00245C
_v0                      bssCOMRAM    000053
_v1                      bssCOMRAM    000052
_v2                      bssCOMRAM    000051
_v3                      bssCOMRAM    000050
_valor                   bssCOMRAM    00004E
_valor@ssd$F167          smallconst   000601
adc_amostra@canal        cstackCOMRAM 000037
clear@i                  cstackCOMRAM 000047
clear@j                  cstackCOMRAM 000048
clear@xf                 cstackCOMRAM 00003E
clear@xi                 cstackCOMRAM 00003C
clear@yf                 cstackCOMRAM 000042
clear@yi                 cstackCOMRAM 000040
digitalWrite@pin         cstackCOMRAM 000031
digitalWrite@value       cstackCOMRAM 000033
end_of_initialization    cinit        002358
intlevel0                text         000000
intlevel1                text         000000
intlevel2                text         000000
intlevel3                text         000000
isa$std                  (abs)        000001
isa$xinst                (abs)        000000
itoa@str                 cstackCOMRAM 000047
itoa@val                 cstackCOMRAM 000045
kpDebounce@i             cstackCOMRAM 00003A
kpDebounce@j             cstackCOMRAM 000039
kpDebounce@k             cstackCOMRAM 000037
kpDebounce@old_D         cstackCOMRAM 000036
kpDebounce@tempo         bssCOMRAM    000055
kpDebounce@valorAntigo   bssCOMRAM    00004A
kpDebounce@valorNovo     bssCOMRAM    00004C
lcdCommand@cmd           cstackCOMRAM 000038
lcdCommand@old_D         cstackCOMRAM 000037
lcdData@old_D            cstackCOMRAM 000038
lcdData@valor            cstackCOMRAM 000037
lcdPosition@aux          cstackCOMRAM 00003A
lcdPosition@coluna       cstackCOMRAM 000039
lcdPosition@linha        cstackCOMRAM 00003B
lcd_str@i                cstackCOMRAM 00003D
lcd_str@str              cstackCOMRAM 000039
main@F2602               dataBANK1    000100
main@F2608               dataCOMRAM   000001
main@aux                 cstackBANK0  0000EE
main@desenho             cstackBANK0  000080
main@i                   cstackBANK0  0000F6
main@opcoes              cstackBANK0  0000B0
main@str                 cstackBANK0  0000E7
main@tecla               cstackBANK0  0000F0
main@tempoSSD            cstackBANK0  0000F2
main@tmp                 cstackBANK0  0000ED
pinMode@pin              cstackCOMRAM 000031
pinMode@type             cstackCOMRAM 000033
printf@coluna            cstackCOMRAM 000041
printf@i                 cstackCOMRAM 000043
printf@linha             cstackCOMRAM 000042
printf@v                 cstackCOMRAM 00003C
pwmFrequency@freq        cstackCOMRAM 00003F
pwmSet@porcento          cstackCOMRAM 000047
pwmSet@val               cstackCOMRAM 000048
ssdDigit@pos             cstackCOMRAM 000031
ssdDigit@val             cstackCOMRAM 000032
stackhi                  (abs)        0005FF
stacklo                  (abs)        000137
start                    init         000000
start_initialization     cinit        00230C
tempo@i                  cstackCOMRAM 000032
tempo@j                  cstackCOMRAM 000033
tempo@k                  cstackCOMRAM 000034
tempo@x                  cstackCOMRAM 000031


MODULE INFORMATION

Module		Function		Class		Link	Load	Size
ssd.c
		_ssdInit       		CODE           	2362	0000	86
		_ssdDigit      		CODE           	22B4	0000	88
		_ssdUpdate     		CODE           	1A22	0000	338

ssd.c estimated size: 512

C:\Program Files\Microchip\xc8\v2.32\pic\sources\c99\common\sprcadd.c
		___fladd       		CODE           	0DF0	0000	1216

C:\Program Files\Microchip\xc8\v2.32\pic\sources\c99\common\sprcadd.c estimated size: 1216

C:\Program Files\Microchip\xc8\v2.32\pic\sources\c99\common\aldiv.c
		___aldiv       		CODE           	1B74	0000	268

C:\Program Files\Microchip\xc8\v2.32\pic\sources\c99\common\aldiv.c estimated size: 268

keypad.c
		_kpInit        		CODE           	25B4	0000	10
		_kpDebounce    		CODE           	174C	0000	378
		_kpRead        		CODE           	25AA	0000	10

keypad.c estimated size: 398

PF.c
		_LigarLed      		CODE           	18C6	0000	348
		_lcdPosition   		CODE           	21EA	0000	102
		_printf        		CODE           	1F1C	0000	138
		_clear         		CODE           	2110	0000	110
		_tempo         		CODE           	245C	0000	76

PF.c estimated size: 774

io.c
		_digitalWrite  		CODE           	14FE	0000	590
		_pinMode       		CODE           	12B0	0000	590

io.c estimated size: 1180

pwm.c
		_pwmInit       		CODE           	2578	0000	26
		_pwmFrequency  		CODE           	2536	0000	38
		_pwmSet        		CODE           	217E	0000	108

pwm.c estimated size: 172

C:\Program Files\Microchip\xc8\v2.32\pic\sources\c99\common\lwmod.c
		___lwmod       		CODE           	2250	0000	100

C:\Program Files\Microchip\xc8\v2.32\pic\sources\c99\common\lwmod.c estimated size: 100

C:\Program Files\Microchip\xc8\v2.32\pic\sources\c99\common\Umul16.c
		___wmul        		CODE           	2510	0000	38

C:\Program Files\Microchip\xc8\v2.32\pic\sources\c99\common\Umul16.c estimated size: 38

adc.c
		_adc_amostra   		CODE           	1E8C	0000	144

adc.c estimated size: 144

shared
		__initialization		CODE           	230C	0000	76
		_valor@ssd$F167		SMALLCONST     	0601	0000	16

shared estimated size: 92

C:\Program Files\Microchip\xc8\v2.32\pic\sources\c99\common\lwdiv.c
		___lwdiv       		CODE           	209C	0000	116

C:\Program Files\Microchip\xc8\v2.32\pic\sources\c99\common\lwdiv.c estimated size: 116

lcd.c
		_lcdCommand    		CODE           	1FA6	0000	126
		_Delay40us     		CODE           	2592	0000	24
		_lcdInit       		CODE           	2024	0000	120
		_lcdData       		CODE           	23B8	0000	84
		_lcd_str       		CODE           	240C	0000	80
		_Delay2ms      		CODE           	255C	0000	28

lcd.c estimated size: 462

itoa.c
		_itoa          		CODE           	1C80	0000	264

itoa.c estimated size: 264

main_PF.c
		_main          		CODE           	06AE	0000	1858

main_PF.c estimated size: 1858

C:\Program Files\Microchip\xc8\v2.32\pic\sources\c99\common\flge.c
		___flge        		CODE           	1D88	0000	260

C:\Program Files\Microchip\xc8\v2.32\pic\sources\c99\common\flge.c estimated size: 260

